[hack.engeto.com/index.html]
[backblue.gif]
[fade.gif]
[index.html]
[hack.engeto.com/css/font-awesome.min.css]
[hack.engeto.com/css/themify-icons.css]
[hack.engeto.com/css/bootstrap.css]
[hack.engeto.com/css/theme-hyperblue.css]
[engeto.com/python/img/python_hackathon.png]
[www.google-analytics.com/analytics.js]
[www.smartsuppchat.com/loaderd41d.js]
[connect.facebook.net/en_US/sdk.js]
[hack.engeto.com/tasks/beginners.html]
[hack.engeto.com/tasks/advanced.html]
[hack.engeto.com/img/holecfifo.jpg]
[hack.engeto.com/img/hornychpepa.jpg]
[hack.engeto.com/img/jakubec.jpg]
[hack.engeto.com/img/cupela.jpg]
[hack.engeto.com/img/kovalsky.jpg]
[hack.engeto.com/img/muller.jpg]
[hack.engeto.com/img/pavelka.jpg]
[hack.engeto.com/img/hurta.jpg]
[hack.engeto.com/img/bures.jpg]
[hack.engeto.com/img/kaplan.jpg]
[hack.engeto.com/img/cab.png]
[hack.engeto.com/img/matus.jpg]
[hack.engeto.com/img/i2g.png]
[hack.engeto.com/img/kiwi.png]
[hack.engeto.com/img/microsoft.png]
[hack.engeto.com/img/rh_logo.png]
[hack.engeto.com/img/starobrno.jpg]
[hack.engeto.com/img/menu.png]
[hack.engeto.com/js/flexslider.min.js]
[hack.engeto.com/js/smooth-scroll.min.js]
[hack.engeto.com/js/bootstrap.min.js]
[hack.engeto.com/js/parallax.js]
[hack.engeto.com/index.html]
[hack.engeto.com/js/jquery.min.js]
[hack.engeto.com/js/scripts.js]
[hack.engeto.com/css/font-awesome.min.css]
[hack.engeto.com/fonts/themify9f24.eot]
[hack.engeto.com/fonts/themifyd41d.eot]
[hack.engeto.com/fonts/themify9f24.woff]
[hack.engeto.com/fonts/themify9f24.ttf]
[hack.engeto.com/css/themify-icons.css]
[hack.engeto.com/fonts/glyphicons-halflings-regular.eot]
[hack.engeto.com/fonts/glyphicons-halflings-regular.woff]
[hack.engeto.com/fonts/glyphicons-halflings-regulard41d.eot]
[hack.engeto.com/fonts/glyphicons-halflings-regular.ttf]
[hack.engeto.com/css/bootstrap.css]
[hack.engeto.com/css/theme-hyperblue.css]
[hack.engeto.com/css/custom.css]
[connect.facebook.net/en_US/sdk.js]
[hack.engeto.com/tasks/bases.html]
[hack.engeto.com/tasks/ccvalid.html]
[hack.engeto.com/tasks/recursion.html]
[hack.engeto.com/tasks/anagrams.html]
[hack.engeto.com/tasks/hangman.html]
[hack.engeto.com/tasks/labyrinth.html]
[hack.engeto.com/tasks/pong.html]
[hack.engeto.com/tasks/tictactoe.html]
[hack.engeto.com/tasks/life.html]
[hack.engeto.com/tasks/beginners.html]
[hack.engeto.com/tasks/cvparser.html]
[hack.engeto.com/tasks/bsgen.html]
[hack.engeto.com/tasks/typespeed.html]
[hack.engeto.com/tasks/semanticdiff.html]
[hack.engeto.com/tasks/transparent.html]
[hack.engeto.com/tasks/data.html]
[hack.engeto.com/tasks/yours.html]
[hack.engeto.com/tasks/advanced.html]
[hack.engeto.com/fonts/fontawesome-webfonte0a5.html]
[hack.engeto.com/fonts/fontawesome-webfontd41d.html]
[hack.engeto.com/fonts/fontawesome-webfonte0a5-2.html]
[hack.engeto.com/fonts/fontawesome-webfonte0a5-3.html]
[hack.engeto.com/fonts/fontawesome-webfonte0a5-4.html]
[hack.engeto.com/fonts/fontawesome-webfonte0a5-5.html]
[hack.engeto.com/fonts/themify9f24.svg]
[hack.engeto.com/fonts/glyphicons-halflings-regular.svg]
[hack.engeto.com/ABCDEFGHIJKLMNOPQRSTUVWXYZabcdefghijklmnopqrstuvwxyz0123456789+/index.html]
[hack.engeto.com/restserver.html]
[hack.engeto.com/dialog/index.html]
[hack.engeto.com/%s/profile4d6d.html]
[hack.engeto.com/css/flexslider.css]
[hack.engeto.com/css/lightbox.min.css]
[hack.engeto.com/css/ytplayer.css]
[hack.engeto.com/css/theme.css]
[hack.engeto.com/js/lightbox.min.js]
[hack.engeto.com/js/masonry.min.js]
[hack.engeto.com/js/twitterfetcher.min.js]
[hack.engeto.com/js/spectragram.min.js]
[hack.engeto.com/js/ytplayer.min.js]
[hack.engeto.com/js/countdown.min.js]
[hack.engeto.com/tasks/bases.html]
[hack.engeto.com/tasks/ccvalid_skeleton.py]
[hack.engeto.com/tasks/ccvalid.html]
[hack.engeto.com/tasks/recursion.html]
[hack.engeto.com/tasks/anagram_skeleton.py]
[hack.engeto.com/tasks/anagrams.html]
[hack.engeto.com/tasks/hangman_skeleton.py]
[hack.engeto.com/tasks/hangman.html]
[hack.engeto.com/tasks/mazes.py]
[hack.engeto.com/tasks/labyrinth.html]
[hack.engeto.com/tasks/pygame-essentials.zip]
[hack.engeto.com/tasks/pygame.pdf]
[hack.engeto.com/tasks/pong.html]
[hack.engeto.com/tasks/tictactoe.html]
[hack.engeto.com/tasks/life.html]
[hack.engeto.com/tasks/CVs.zip]
[hack.engeto.com/tasks/cvparser.html]
[hack.engeto.com/tasks/bsgen.html]
[hack.engeto.com/tasks/typespeed.html]
[hack.engeto.com/tasks/semanticdiff.html]
[hack.engeto.com/tasks/transparent.html]
[hack.engeto.com/tasks/data.html]
[hack.engeto.com/tasks/yours.html]
[hack.engeto.com/css/flexslider.css]
[hack.engeto.com/img/lightbox/close.png]
[hack.engeto.com/img/lightbox/loading.gif]
[hack.engeto.com/img/lightbox/prev.png]
[hack.engeto.com/img/lightbox/next.png]
[hack.engeto.com/css/lightbox.min.css]
[hack.engeto.com/css/ytplayer.css]
[hack.engeto.com/css/theme.css]
[hack.engeto.com/tasks/conv_skeleton.html]
[hack.engeto.com/js/flickr.html]
[hack.engeto.com/tasks/words.txt]
[hack.engeto.com/images/raster.html]
[hack.engeto.com/images/raster@2x.html]
[hack.engeto.com/images/raster_dot.html]
[hack.engeto.com/images/raster_dot@2x.html]
